// Jest Snapshot v1, https://goo.gl/fbAQLP

exports[`rend correctement 1`] = `
<div
  className="card"
  style={
    Object {
      "alignItems": "center",
      "display": "flex",
      "height": "500px",
      "justifyContent": "center",
      "width": "50%",
    }
  }
>
  <div
    style={
      Object {
        "height": "100%",
        "width": "50%",
      }
    }
  >
    <form
      className=""
      style={
        Object {
          "height": "60%",
        }
      }
    >
      <br />
      <br />
      <div
        className="mb-3"
      >
        <label
          className="form-label"
        >
          Title
        </label>
        <input
          className="form-control"
          onChange={[Function]}
          placeholder="Enter title "
          value=""
        />
      </div>
      <br />
      <div
        className="mb-3"
      >
        <label
          className="form-label"
        >
          Description
        </label>
        <input
          className="form-control"
          onChange={[Function]}
          placeholder="Enter Description"
          value=""
        />
      </div>
      <br />
      <div
        className="mb-3"
      >
        <label
          className="form-label"
          htmlFor="formFile"
        >
          Add yout video file
        </label>
        <input
          accept="video/mp4"
          className="form-control"
          id="formFile"
          onChange={[Function]}
          type="file"
        />
      </div>
      <br />
      <div
        style={
          Object {
            "alignItems": "center",
            "display": "flex",
            "justifyContent": "center",
          }
        }
      >
        <button
          className="btn btn-primary"
          disabled={false}
          onClick={[Function]}
          style={
            Object {
              "backgroundColor": "black",
              "border": "none",
            }
          }
          type="button"
        >
          Submit
        </button>
      </div>
    </form>
  </div>
</div>
`;
